[vimeo] starting Xvfb+fluxbox on :100
[youtube] starting Xvfb+fluxbox on :99
[twitch] starting Xvfb+fluxbox on :101
[vimeo] launching undetected-chromedriver Chrome (headed, DISPLAY=:100)
[vimeo] navigating to https://player.vimeo.com/video/76979871?autoplay=1&muted=1
[youtube] launching undetected-chromedriver Chrome (headed, DISPLAY=:99)
[vimeo] ready; waiting for all applications before sampling
[youtube] navigating to https://www.youtube.com/watch?v=dQw4w9WgXcQ&autoplay=1&mute=1
[twitch] launching undetected-chromedriver Chrome (headed, DISPLAY=:101)
[twitch] navigating to https://www.twitch.tv/
[twitch] ready; waiting for all applications before sampling
[youtube] ready; waiting for all applications before sampling
[youtube] all applications ready; starting synchronized sampling
[twitch] all applications ready; starting synchronized sampling
[vimeo] all applications ready; starting synchronized sampling
[vimeo] synchronized play result: {'current_time': 0, 'paused': False, 'ready_state': 0, 'started': True}
[youtube] synchronized play result: {'current_time': 20.974857, 'paused': False, 'ready_state': 4, 'started': True}
[twitch] synchronized play result: {'current_time': 6.167611, 'paused': False, 'ready_state': 4, 'started': True}
[twitch] summary: 56 samples written to /out/twitch_stats.jsonl | current_time_secs range=[6.329092, 64.544937] | advanced=True | final_resolution=640x360
[youtube] summary: 54 samples written to /out/youtube_stats.jsonl | current_time_secs range=[21.223902, 80.92925] | advanced=True | final_resolution=426x240
[vimeo] summary: 57 samples written to /out/vimeo_stats.jsonl | current_time_secs range=[0, 32.800883] | advanced=True | final_resolution=960x540
_XSERVTransmkdir: ERROR: Cannot create /tmp/.X11-unix
_XSERVTransSocketUNIXCreateListener: mkdir(/tmp/.X11-unix) failed, errno = 17
_XSERVTransMakeAllCOTSServerListeners: failed to create listener for unix
