[youtube] starting Xvfb+fluxbox on :99
[youtube] launching undetected-chromedriver Chrome (headed, DISPLAY=:99)
[youtube] navigating to https://www.youtube.com/watch?v=dQw4w9WgXcQ&autoplay=1&mute=1
[youtube] navigation did not finish cleanly; sampling the loaded page anyway: TimeoutException: Message: timeout: Timed out receiving message from renderer: 44.613
  (Session info: chrome=152.0.7977.82)
Stacktrace:
#0 0x5c40b26fe03a <unknown>
#1 0x5c40b20664c9 <unknown>
#2 0x5c40b204df5b <unknown>
#3 0x5c40b204dbd6 <unknown>
#4 0x5c40b204b7b8 <unknown>
#5 0x5c40b204c13f <unknown>
#6 0x5c40b205b200 <unknown>
#7 0x5c40b2075147 <unknown>
#8 0x5c40b207cb1b <unknown>
#9 0x5c40b204c899 <unknown>
#10 0x5c40b2074ea7 <unknown>
#11 0x5c40b2104900 <unknown>
#12 0x5c40b20af83b <unknown>
#13 0x5c40b20b0621 <unknown>
#14 0x5c40b26c25f0 <unknown>
#15 0x5c40b26c0c6a <unknown>
#16 0x5c40b26ab9f5 <unknown>
#17 0x5c40b26c192a <unknown>
#18 0x5c40b2694d10 <unknown>
#19 0x5c40b26e9158 <unknown>
#20 0x5c40b26e92f5 <unknown>
#21 0x5c40b26fcbc3 <unknown>
#22 0x7bc4cf194b7b <unknown>

[youtube] ready; waiting for all applications before sampling
[youtube] all applications ready; starting synchronized sampling
[youtube] synchronized play result: {'current_time': 24.963863, 'paused': False, 'ready_state': 4, 'started': True}
[youtube] summary: 59 samples written to /out/youtube_stats.jsonl | current_time_secs range=[25.014396, 84.603889] | advanced=True | final_resolution=640x360
